--- [Test] Triggering Agent Capability Verification ---
--- [Swarm] Receiving Task: Create a file named 'hello_swarm.py' that prints 'Hello from the Agentic Swarm!'.Then, execute that file and return the output. ---
--- [Security] Auditing... ---
--- [Security] CLEARED. ---
DEBUG    Debug logs enabled                                                     
--- [Architect] Planning & Executing... ---
DEBUG    *********** Agent Run Start: 87ebc9b5-0d16-4d0d-82a3-e70e3ef2798e      
         ***********                                                            
DEBUG    Function read_file added to model.                                     
DEBUG    Function write_file added to model.                                    
DEBUG    Function list_dir added to model.                                      
DEBUG    Function run_command added to model.                                   
DEBUG    ---------- Ollama Response Start ----------                            
DEBUG    ============== system ==============                                   
DEBUG    I am the Architect. I plan, write, and execute code using tools.       
                                                                                
         ## Instructions                                                        
         - You are an expert Senior Software Architect.                         
         - Your role is to autonomously PLAN, WRITE, and EXECUTE code to solve  
         tasks.                                                                 
         - You have access to a persistent `/workspace` and a sandboxed         
         `terminal`.                                                            
         -                                                                      
         - ### CRITICAL TOOL USAGE RULES ###                                    
         - 1. **NEVER** just print code to the chat. Code is useless unless     
         permitted to disk.                                                     
         - 2. **ALWAYS** use `write_file(path, content)` to save code.          
         - 3. **ALWAYS** use `run_command(command)` to execute code/tests.      
         - 4. If you write a python script, you must immediately run it to      
         verify it works.                                                       
         -                                                                      
         - ### FEW-SHOT EXAMPLES (Follow these patterns) ###                    
         -                                                                      
         - User: 'Create a hello world python script and run it.'               
         - Assistant: <creates file>                                            
         - Tool Call: write_file(path='hello.py', content='print("Hello         
         World")')                                                              
         - Assistant: <runs file>                                               
         - Tool Call: run_command(command='python hello.py')                    
         -                                                                      
         - User: 'List the files in the current directory.'                     
         - Tool Call: list_dir(path='.')                                        
         -                                                                      
         - ### RESPONSE FORMAT ###                                              
         - Think step-by-step. State your plan. Then CALL THE TOOLS.            
         - Do not ask for permission. Just do it.                               
DEBUG    ============== user ==============                                     
DEBUG    Create a file named 'hello_swarm.py' that prints 'Hello from the       
         Agentic Swarm!'.Then, execute that file and return the output.         
DEBUG    ============== assistant ==============                                
DEBUG    {                                                                      
           "name": "write_file",                                                
           "arguments": {                                                       
             "path": "hello_swarm.py",                                          
             "content": "print('Hello from the Agentic Swarm!')"                
           }                                                                    
         }                                                                      
                                                                                
         {                                                                      
           "name": "run_command",                                               
           "arguments": {                                                       
             "command": "python hello_swarm.py"                                 
           }                                                                    
         }                                                                      
DEBUG    **************** METRICS START ****************                        
DEBUG    * Time to generate response:   2.3827s                                 
DEBUG    * Tokens per second:           29.7977 tokens/s                        
DEBUG    * Input tokens:                603                                     
DEBUG    * Output tokens:               71                                      
DEBUG    * Total tokens:                674                                     
DEBUG    **************** METRICS END ******************                        
DEBUG    ---------- Ollama Response End ----------                              
DEBUG    Added 2 Messages to AgentMemory                                        
DEBUG    Added AgentRun to AgentMemory                                          
DEBUG    --**-- Logging Agent Run                                               
DEBUG    *********** Agent Run End: 87ebc9b5-0d16-4d0d-82a3-e70e3ef2798e        
         ***********                                                            
┏━ Message ━━━━━━━━━━━━━━━━━━━━━━━━━━━━━━━━━━━━━━━━━━━━━━━━━━━━━━━━━━━━━━━━━━━━┓
┃                                                                              ┃
┃ Create a file named 'hello_swarm.py' that prints 'Hello from the Agentic     ┃
┃ Swarm!'.Then, execute that file and return the output.                       ┃
┃                                                                              ┃
┗━━━━━━━━━━━━━━━━━━━━━━━━━━━━━━━━━━━━━━━━━━━━━━━━━━━━━━━━━━━━━━━━━━━━━━━━━━━━━━┛
┏━ Response (2.6s) ━━━━━━━━━━━━━━━━━━━━━━━━━━━━━━━━━━━━━━━━━━━━━━━━━━━━━━━━━━━━┓
┃                                                                              ┃
┃ {                                                                            ┃
┃   "name": "write_file",                                                      ┃
┃   "arguments": {                                                             ┃
┃     "path": "hello_swarm.py",                                                ┃
┃     "content": "print('Hello from the Agentic Swarm!')"                      ┃
┃   }                                                                          ┃
┃ }                                                                            ┃
┃                                                                              ┃
┃ {                                                                            ┃
┃   "name": "run_command",                                                     ┃
┃   "arguments": {                                                             ┃
┃     "command": "python hello_swarm.py"                                       ┃
┃   }                                                                          ┃
┃ }                                                                            ┃
┃                                                                              ┃
┗━━━━━━━━━━━━━━━━━━━━━━━━━━━━━━━━━━━━━━━━━━━━━━━━━━━━━━━━━━━━━━━━━━━━━━━━━━━━━━┛--- [Test] Verification Request Sent. Check Mission Control for live logs. ---
